
z






Zealand


ZOND ZOND ZOND ZOND
Zenit



Zhao,
Zulu Z)
zoo.C51875.67pReferences: ZoologyLines: Zoology

Zoology|

















Zoology>


zero, Zoology>

















zero-G.






zeven zijn Zo zijn zwaartepunten zogeheten'compacte zo zaken zal zware zeven zullen, zwakke zogeheten zal zijnnamelijk zo zwak, zaler zo zien zwarte Zwarte















































































ZealandNntp-Posting-Host:

ZoologyLines: Zoology








ZoologyLines: Zoology




ZoologyLines: Zoology







Zealand/___|




ZoologyLines: Zoology
ZoologyLines: Zoology





ZealandNntp-Posting-Host:



ZoologyLines: Zoology






















ZoologyLines: Zoology
ZoologyLines: Zoology















zoom,























zillion zillionlines
ZoologyLines: Zoology


Zealand/___|
Zero-G














zowie@daedalus.stanford.edu






















Zealand/___|


zero
ZoologyLines: Zoology



Zappa









Zealand/___|
Zeroth















ZoologyLines: Zoology
ZoologyLines: Zoology











Zero













ZoologyLines: Zoology
ZoologyLines: Zoology

ZoologyLines: zero.As Zoology


Zealand/___|

ZoologyLines: Zoology


ZoologyLines: Zoology



Zealand/___|
Zoology Zonker






zeus.1993Apr22.003719.101323References:



















zero,



ZoologyLines: Zoology
ZoologyLines: Zoology

z z zero, zcos






















zero.>>As Zoology>









Zenit






Zealand/___|



zipping


ZoologyLines:
ZoologyLines:
ZoologyLines:
ZoologyLines:

















zero, Zealand/___|
ZoologyLines: Zoology
ZoologyLines: Zoology
ZoologyLines: Zoology




Zealand/___|







Zealand/___|
Zealand/___|

Zealand/___|











zenith zenith.
Zealand/___|
zero Zealand/___|




ZoologyLines: Zoology



zipping

zero,













Zeta








ZoologyLines: Zoologybetween
ZoologyLines: Zoologybetween
ZoologyLines: Zoologybetween


zero



ZoologyLines: Zoologybetween






Zenit


ZoologyLines: Zoologybetween








zone, zone. zone. zone.















zellner@stsci.eduSubject:

zone, zone. zone. zone.




zeros).

zero zero. zero.

ZoologyLines: Zoologybetween
























zero















zero,















ZoologyLines: Zoologybetween
ZoologyLines: Zoologybetween





zodiacal

ZoologyLines: Zoologybetween

Zoology>between

Zealand/___|

ZoologyLines: Zoologybetween






ZoologyLines: Zoologybetween



Zvezdny

ZoologyLines: Zoologybetween




zodiacal


















zones)







zellner@stsci.edu










ZoologyLines: Zoologybetween
ZoologyLines: Zoologybetween
zellner@stsci.eduSubject:
ZoologyLines: Zoologybetween



zellner@stsci.eduSubject:








zones)Is


Zealand/___|




Zubrin Zealand/___|
zepplin







Zealand/___|





zone


Zealand/___|





Zurbrin's

zwork@starfighter.den.mmc.com zwork@starfighter









zwork@starfighter.den.mmc.com
zone,

ZealandNntp-Posting-Host: Zealand
ZoologyLines: zwork@starfighter.den.mmc.com Zoologybetween
















Zoology>between


ZoologyLines: Zoologybetween



ZoologyLines: Zoologybetween
ZoologyLines: Zoologybetween
ZoologyLines: Zoologybetween

ZoologyLines: Zoologybetween
Zodiacaldust Zodiacal zero



zellner@stsci.eduSubject:




zone, zone. zone. zone.















ZoologyLines: Zoologybetween
Zealand/___|
Zone".
Zealand/___|









zeus.1993May01.025847.161835References:

ZoologyLines: Zoologybetween


zoninglaws
ZAIDI)Subject: ZaidiLockheed













zero-G.









ZoologyLines: zero Zoologybetween
ZoologyLines: Zoologybetween

zoning|laws
ZoologyLines: Zoologybetween





















zellner@stsci.eduSubject:








zealous
ZoologyLines: Zoologybetween







zariski.harvard.eduLines:


zero-defects



Zoology

zen.holonet.netOrganization:




ZoologyLines: Zoologybetween
ZoologyLines: Zoologybetween























Zoology





















zealous





zeus.tamu.eduKeywords:



